error: expected lifecycle args: entry="...", stop_timeout="...", await_ready[=true|false]
 --> tests/ui/fail/lifecycle_unknown_arg.rs:3:70
  |
3 | #[module(name="x", capabilities=[stateful], lifecycle(entry="serve", foo="bar"))]
  |                                                                      ^^^^^^^^^
