error: unknown capability 'foo', expected one of: db, rest, rest_host, stateful
 --> tests/ui/fail/unknown_capability.rs:3:26
  |
3 | #[module(name="x", caps=[foo])]
  |                          ^^^
